Traceback (most recent call last):
  File "C:\Users\X1882\Desktop\GitHub\DATA-AI\test_app.py", line 225, in <module>
============================================================
寮€濮嬫帰绱?DATA-AI Web 搴旂敤
============================================================

[1] 瀵艰埅鍒颁富椤?..
    test_data_ai_app()
  File "C:\Users\X1882\Desktop\GitHub\DATA-AI\test_app.py", line 25, in test_data_ai_app
    page.goto("http://localhost:8000")
  File "C:\Users\X1882\AppData\Roaming\Python\Python312\site-packages\playwright\sync_api\_generated.py", line 9362, in goto
    self._sync(
  File "C:\Users\X1882\AppData\Roaming\Python\Python312\site-packages\playwright\_impl\_sync_base.py", line 115, in _sync
    return task.result()
           ^^^^^^^^^^^^^
  File "C:\Users\X1882\AppData\Roaming\Python\Python312\site-packages\playwright\_impl\_page.py", line 552, in goto
    return await self._main_frame.goto(**locals_to_params(locals()))
           ^^^^^^^^^^^^^^^^^^^^^^^^^^^^^^^^^^^^^^^^^^^^^^^^^^^^^^^^^
  File "C:\Users\X1882\AppData\Roaming\Python\Python312\site-packages\playwright\_impl\_frame.py", line 153, in goto
    await self._channel.send(
  File "C:\Users\X1882\AppData\Roaming\Python\Python312\site-packages\playwright\_impl\_connection.py", line 69, in send
    return await self._connection.wrap_api_call(
           ^^^^^^^^^^^^^^^^^^^^^^^^^^^^^^^^^^^^^
  File "C:\Users\X1882\AppData\Roaming\Python\Python312\site-packages\playwright\_impl\_connection.py", line 559, in wrap_api_call
    raise rewrite_error(error, f"{parsed_st['apiName']}: {error}") from None
playwright._impl._errors.Error: Page.goto: net::ERR_CONNECTION_REFUSED at http://localhost:8000/
Call log:
  - navigating to "http://localhost:8000/", waiting until "load"

